// Vitest Snapshot v1, https://vitest.dev/guide/snapshot.html

exports[`index.ts > should run search for build scripts 1`] = `
"
> @abullard/akio@1.0.0 akio /root/Developer/git/abullard/akio
> npx akio -i build

[33mpnpm akio[0m
	-----
1. [35mbuild     [0m â€” 
2. [35mbuild:dev [0m â€” local dev build
3. [35mbuild:prod[0m â€”  build production fake"
`;

exports[`index.ts > should run test:stub npm script 1`] = `
"
> @abullard/akio@1.0.0 akio /root/Developer/git/abullard/akio
> npx akio test\\:stub

[33mpnpm akio[0m
	-----
1. [35mtest:stub [0m â€” 

[32mRun command number?[0m 


> @abullard/akio@1.0.0 test:stub /root/Developer/git/abullard/akio
> node -e "console.log('text')"

text"
`;
