// Vitest Snapshot v1, https://vitest.dev/guide/snapshot.html

exports[`no-format1.spec.ts > should turn formatting off, -f 1`] = `
"
> npx akio -f -i test\\:stub

pnpm akio
	-----
Found scripts matching: "test:stub"

1. test:stub  â€” DO NOT REMOVE - stubbed npm script for snapshot tests"
`;
