// Vitest Snapshot v1, https://vitest.dev/guide/snapshot.html

exports[`no-format2.spec.ts > should turn formatting off, --no-format 1`] = `
"
> @abullard/akio@1.0.0 akio /root/Developer/git/abullard/akio
> npx akio --no-format -i test\\:stub

pnpm akio
	-----
Found scripts matching: "test:stub"
1. test:stub  â€” DO NOT USE - stubbed npm script for snapshot tests"
`;
