// Vitest Snapshot v1, https://vitest.dev/guide/snapshot.html

exports[`no-input2.spec.ts > should skip prompting user for input, --no-input 1`] = `
"
[33mpnpm akio[0m
	-----
1. [35mtest      [0m â€” run vitest unit tests
2. [35mtest:unit [0m â€” run unit tests
3. [35mtest:int  [0m â€” run integration tests
4. [35mtest:contract[0m â€” run API contract tests
5. [35mtest:watch[0m â€” watch tests and re-run on save
6. [35mtest:stub [0m â€” DO NOT REMOVE - stubbed npm script for snapshot tests
7. [35mbuild     [0m â€” 
8. [35mbuild:dev [0m â€” local dev build
9. [35mbuild:prod[0m â€”  build production fake
10. [35mstart     [0m â€” start the http server
11. [35mstart:dev [0m â€” start dev server
12. [35mstart:prod[0m â€” start prod server"
`;
