// Vitest Snapshot v1, https://vitest.dev/guide/snapshot.html

exports[`search2.spec.ts > should run search for test:sub npm scripts, run test:stub 1`] = `
"
> npx akio test\\:stub

[33mpnpm akio[0m
	-----
Found scripts matching: "[32mtest:stub[0m"

1. [35mtest:stub [0m â€” DO NOT REMOVE - stubbed npm script for snapshot tests

[34mRun command number? >[0m 


> node -e "console.log('text')"

text"
`;
