// Vitest Snapshot v1, https://vitest.dev/guide/snapshot.html

exports[`search1.spec.ts > should run search for test npm scripts, skip input 1`] = `
"
> node ./dist/index.cjs build -i

[33mpnpm akio[0m
	-----
ğŸ“¦ [34m@abullard/akio[0m
1. [35mbuild:real[0m â€” This command builds Akio

ğŸ“¦ [34mapi[0m

ğŸ“¦ [34mui[0m
"
`;
