// Vitest Snapshot v1, https://vitest.dev/guide/snapshot.html

exports[`search2.spec.ts > should output help menu 1`] = `
"
> node ./dist/index.cjs --help


ðŸª„ [33makio[0m

  Surface your [32mpackage.json[0m scripts from the depths of your [35mmonorepo[0m. 

CLI Opts

  -i, --input           Do not prompt for an input comand.                      
  -f, --format          Do not include emoji or color formatting.               
  -d, --descriptions    Do not warn if package.json "scriptDescriptions" are    
                        missing.                                                
  -h, --help            Display this usage guide.                               

  https://npmjs.com/@abullard/akio 
"
`;
